Detected kernel version 4.18.0, which is below the recommended minimum of 5.5.0; this can cause the process to hang. It is recommended to upgrade the kernel to the minimum version or higher.
Detected kernel version 4.18.0, which is below the recommended minimum of 5.5.0; this can cause the process to hang. It is recommended to upgrade the kernel to the minimum version or higher.
/mnt/lustrefs/home/edo6236/pre_b/pretr/lib/python3.11/site-packages/torch/utils/data/dataloader.py:617: UserWarning: This DataLoader will create 4 worker processes in total. Our suggested max number of worker in current system is 1, which is smaller than what this DataLoader is going to create. Please be aware that excessive worker creation might get DataLoader running slow or even freeze, lower the worker number to avoid potential slowness/freeze if necessary.
  warnings.warn(
GPU: NVIDIA RTX A5000, 24564.0 MiB
torch.cuda.is_available() = True
DEVICE_BATCH_SIZE = 32
gradient_accumulation_steps = 64
batch_size = 2048

FULL DATASET

Loaded dataset in 22 seconds
Selected 70% of the dataset in 720 milliseconds
Split dataset into training and evaluation in 380 milliseconds

Using LCN...

STEPS PER EPOCH:  9743
Started...
Started validation...
We strongly recommend passing in an `attention_mask` since your input_ids may be padded. See https://huggingface.co/docs/transformers/troubleshooting#incorrect-output-when-padding-tokens-arent-masked.
  0%|          | 0/13 [00:00<?, ?it/s] 15%|█▌        | 2/13 [00:01<00:08,  1.24it/s] 23%|██▎       | 3/13 [00:03<00:11,  1.14s/it] 31%|███       | 4/13 [00:05<00:12,  1.42s/it] 38%|███▊      | 5/13 [00:07<00:12,  1.61s/it] 46%|████▌     | 6/13 [00:09<00:12,  1.81s/it] 54%|█████▍    | 7/13 [00:11<00:11,  1.99s/it] 62%|██████▏   | 8/13 [00:14<00:10,  2.15s/it] 69%|██████▉   | 9/13 [00:16<00:09,  2.28s/it] 77%|███████▋  | 10/13 [00:19<00:07,  2.45s/it] 85%|████████▍ | 11/13 [00:22<00:05,  2.59s/it] 92%|█████████▏| 12/13 [00:25<00:02,  2.78s/it]100%|██████████| 13/13 [00:28<00:00,  2.89s/it]100%|██████████| 13/13 [00:31<00:00,  2.46s/it]
in metrics

MLM ACC ALL LAYERS: 
[0.0517, 0.0051, 0.0051, 0.0039, 0.0051, 0.0039, 0.0073, 0.0039, 0.0185, 0.0657, 0.2888, 0.4427, 0.5185]

LOSS:  2.6898419857025146
Evaluated model in 37 seconds.
