Files already downloaded and verified
Files already downloaded and verified
Total number of samples in train_dl: 50000
Total number of trainable parameters: 2527002
Epoch:  1
LR:  0.0
Train loss:  2.3953144550323486
Epoch:  2
LR:  0.0001
Train loss:  2.274578094482422
Epoch:  3
LR:  0.0002
Train loss:  2.2214934825897217
Epoch:  4
LR:  0.0003
Train loss:  2.171602487564087
Epoch:  5
LR:  0.0004
Train loss:  2.153531551361084
Epoch:  6
LR:  0.0005
Train loss:  2.127621650695801
Epoch:  7
LR:  0.0006
Train loss:  2.088222026824951
Epoch:  8
LR:  0.0007
Train loss:  2.0670506954193115
Epoch:  9
LR:  0.0008
Train loss:  2.0757346153259277
Epoch:  10
LR:  0.0009000000000000001
Train loss:  2.0400943756103516
Epoch:  11
LR:  0.001
/mnt/lustrefs/home/edo6236/pre_b/pretr/lib/python3.11/site-packages/torch/optim/lr_scheduler.py:1087: UserWarning: To get the last learning rate computed by the scheduler, please use `get_last_lr()`.
  _warn_get_lr_called_within_step(self)
Train loss:  2.0468859672546387
Epoch:  12
LR:  0.001
Train loss:  2.0260400772094727
Epoch:  13
LR:  0.001
Train loss:  1.9900952577590942
Epoch:  14
LR:  0.001
Train loss:  2.013972043991089
Epoch:  15
LR:  0.001
Train loss:  1.9683619737625122
Epoch:  16
LR:  0.001
Train loss:  1.9768682718276978
Epoch:  17
LR:  0.001
Train loss:  1.9691005945205688
Epoch:  18
LR:  0.001
Train loss:  1.943332552909851
Epoch:  19
LR:  0.001
Train loss:  1.9629998207092285
Epoch:  20
LR:  0.001
Train loss:  1.9668734073638916
Epoch:  21
LR:  0.001
Train loss:  1.965733528137207
Epoch:  22
LR:  0.001
Train loss:  1.9592126607894897
Epoch:  23
LR:  0.001
Train loss:  1.9262737035751343
Epoch:  24
LR:  0.001
Train loss:  1.930535078048706
Epoch:  25
LR:  0.001
Train loss:  1.9127355813980103
Epoch:  26
LR:  0.001
Train loss:  1.91767156124115
Epoch:  27
LR:  0.001
Train loss:  1.897686243057251
Epoch:  28
LR:  0.001
Train loss:  1.899716854095459
Epoch:  29
LR:  0.001
Train loss:  1.8951137065887451
Epoch:  30
LR:  0.001
Train loss:  1.8615617752075195
Epoch:  31
LR:  0.001
Train loss:  1.823494791984558
Epoch:  32
LR:  0.001
Train loss:  1.8498071432113647
Epoch:  33
LR:  0.001
Train loss:  1.8469548225402832
Epoch:  34
LR:  0.001
Train loss:  1.888180136680603
Epoch:  35
LR:  0.001
Train loss:  1.8569121360778809
Epoch:  36
LR:  0.001
Train loss:  1.8632155656814575
Epoch:  37
LR:  0.001
Train loss:  1.8112624883651733
Epoch:  38
LR:  0.001
Train loss:  1.8289974927902222
Epoch:  39
LR:  0.001
Train loss:  1.8271085023880005
Epoch:  40
LR:  0.001
Train loss:  1.8352205753326416
Epoch:  41
LR:  0.001
Train loss:  1.80148184299469
Epoch:  42
LR:  0.001
Train loss:  1.8021998405456543
Epoch:  43
LR:  0.001
Train loss:  1.811476707458496
Epoch:  44
LR:  0.001
Train loss:  1.8132857084274292
Epoch:  45
LR:  0.001
Train loss:  1.7999029159545898
Epoch:  46
LR:  0.001
Train loss:  1.8561689853668213
Epoch:  47
LR:  0.001
Train loss:  1.8051265478134155
Epoch:  48
LR:  0.001
Train loss:  1.79989755153656
Epoch:  49
LR:  0.001
Train loss:  1.8509114980697632
Epoch:  50
LR:  0.001
Train loss:  1.799379825592041
Epoch:  51
LR:  0.001
Train loss:  1.7744524478912354
Epoch:  52
LR:  0.001
Train loss:  1.785512924194336
Epoch:  53
LR:  0.001
Train loss:  1.765621304512024
Epoch:  54
LR:  0.001
Train loss:  1.7632520198822021
Epoch:  55
LR:  0.001
Train loss:  1.768849492073059
Epoch:  56
LR:  0.001
Train loss:  1.7846052646636963
Epoch:  57
LR:  0.001
Train loss:  1.7499452829360962
Epoch:  58
LR:  0.001
Train loss:  1.7567418813705444
Epoch:  59
LR:  0.001
Train loss:  1.7919772863388062
Epoch:  60
LR:  0.001
Train loss:  1.7621755599975586
